09:10:34 [App     ] OpenMVS x64 v2.4.0
09:10:34 [App     ] Build date: Jan 20 2026, 08:11:51
09:10:34 [App     ] CPU: 13th Gen Intel(R) Core(TM) i7-13700F (24 cores)
09:10:34 [App     ] RAM: 127.85GB Physical Memory 128.00TB Virtual Memory
09:10:34 [App     ] OS: Windows 10 x64
09:10:34 [App     ] Disk: 550.45GB (930.78GB) space
09:10:34 [App     ] SSE & AVX compatible CPU & OS detected
09:10:34 [App     ] Command line: ReconstructMesh --help
09:10:34 [App     ] Available options:

Generic options:
  -h [ --help ]                         produce this help message
  -w [ --working-folder ] arg           working directory (default current 
                                        directory)
  -c [ --config-file ] arg (=ReconstructMesh.cfg)
                                        file name containing program options
  --export-type arg (=ply)              file type used to export the 3D scene 
                                        (ply or obj)
  --archive-type arg (=4294967295)      project archive type: -1-interface, 
                                        0-text, 1-binary, 2-compressed binary
  --process-priority arg (=-1)          process priority (below normal by 
                                        default)
  --max-threads arg (=0)                maximum number of threads (0 for using 
                                        all available cores)
  -v [ --verbosity ] arg (=2)           verbosity level
  --cuda-device arg (=-1)               CUDA device number to be used to 
                                        reconstruct the mesh (-2 - CPU 
                                        processing, -1 - best GPU, >=0 - device
                                        index)

Reconstruct options:
  -i [ --input-file ] arg               input filename containing camera poses 
                                        and image list
  -p [ --pointcloud-file ] arg          dense point-cloud with views file name 
                                        to reconstruct (overwrite existing 
                                        point-cloud)
  -o [ --output-file ] arg              output filename for storing the mesh
  -d [ --min-point-distance ] arg (=1.5)
                                        minimum distance in pixels between the 
                                        projection of two 3D points to consider
                                        them different while triangulating (0 -
                                        disabled)
  --integrate-only-roi arg (=0)         use only the points inside the ROI
  --constant-weight arg (=1)            considers all view weights 1 instead of
                                        the available weight
  -f [ --free-space-support ] arg (=0)  exploits the free-space support in 
                                        order to reconstruct weakly-represented
                                        surfaces
  --thickness-factor arg (=1)           multiplier adjusting the minimum 
                                        thickness considered during visibility 
                                        weighting
  --quality-factor arg (=1)             multiplier adjusting the quality weight
                                        considered during graph-cut

Clean options:
  --decimate arg (=1)                   decimation factor in range (0..1] to be
                                        applied to the reconstructed surface (1
                                        - disabled)
  --target-face-num arg (=0)            target number of faces to be applied to
                                        the reconstructed surface. (0 - 
                                        disabled)
  --remove-spurious arg (=20)           spurious factor for removing faces with
                                        too long edges or isolated components 
                                        (0 - disabled)
  --remove-spikes arg (=1)              flag controlling the removal of spike 
                                        faces
  --close-holes arg (=30)               try to close small holes in the 
                                        reconstructed surface (0 - disabled)
  --smooth arg (=2)                     number of iterations to smooth the 
                                        reconstructed surface (0 - disabled)
  --edge-length arg (=0)                remesh such that the average edge 
                                        length is this size (0 - disabled)
  --roi-border arg (=0)                 add a border to the region-of-interest 
                                        when cropping the scene (0 - disabled, 
                                        >0 - percentage, <0 - absolute)
  --crop-to-roi arg (=1)                crop scene using the region-of-interest
09:10:34 [App     ] MEMORYINFO: {
09:10:34 [App     ] 	PageFaultCount 1986
09:10:34 [App     ] 	PeakWorkingSetSize 7.44MB
09:10:34 [App     ] 	WorkingSetSize 7.43MB
09:10:34 [App     ] 	QuotaPeakPagedPoolUsage 94.83KB
09:10:34 [App     ] 	QuotaPagedPoolUsage 94.83KB
09:10:34 [App     ] 	QuotaPeakNonPagedPoolUsage 14.47KB
09:10:34 [App     ] 	QuotaNonPagedPoolUsage 13.41KB
09:10:34 [App     ] 	PagefileUsage 2.38MB
09:10:34 [App     ] 	PeakPagefileUsage 2.38MB
09:10:34 [App     ] } ENDINFO
